// Jest Snapshot v1, https://goo.gl/fbAQLP

exports[`HighlightedMarkdown component should highlight text consistently 1`] = `[Function]`;
